Microchip MPLAB XC8 Compiler V1.35 ()

Linker command line:

--edf=C:\Program Files (x86)\Microchip\xc8\v1.35\dat\en_msgs.txt -cs \
  -h+dist/Standalone/production\LoRaMote.X.production.sym \
  --cmf=dist/Standalone/production\LoRaMote.X.production.cmf -z -Q18LF25K50 \
  -oC:\Users\User\AppData\Local\Temp\s8l0.2 \
  -Mdist/Standalone/production/LoRaMote.X.production.map -E1 -ver=XC8 \
  --acfsm=1493 -ASTACK=0580h-07ffh -pstack=STACK -ACODE=00h-07FFFh \
  -ACONST=00h-07FFFh -ASMALLCONST=0800h-08FFhx120 \
  -AMEDIUMCONST=0800h-07FFFh -ACOMRAM=01h-05Fh -AABS1=00h-07FFh \
  -ABIGRAM=01h-07FFh -ARAM=060h-0FFh,0100h-01FFhx7 -ABANK0=060h-0FFh \
  -ABANK1=0100h-01FFh -ABANK2=0200h-02FFh -ABANK3=0300h-03FFh \
  -ABANK4=0400h-04FFh -ABANK5=0500h-05FFh -ABANK6=0600h-06FFh \
  -ABANK7=0700h-07FFh -ASFR=0F53h-0F5Fh,0F60h-0FFFh \
  -preset_vec=00h,intcode=08h,intcodelo,powerup,init,end_init \
  -pramtop=0800h -psmallconst=SMALLCONST -pmediumconst=MEDIUMCONST \
  -pconst=CONST -AFARRAM=00h-00h -ACONFIG=0300000h-030000Dh -pconfig=CONFIG \
  -AIDLOC=0200000h-0200007h -pidloc=IDLOC -AEEDATA=0F00000h-0F000FFh \
  -peeprom_data=EEDATA \
  -prdata=COMRAM,nvrram=COMRAM,nvbit=COMRAM,rbss=COMRAM,rbit=COMRAM \
  -pfarbss=FARRAM,fardata=FARRAM,nvFARRAM=FARRAM \
  -pintsave_regs=BIGRAM,bigbss=BIGRAM,bigdata=BIGRAM -pbss=RAM \
  -pidata=CODE,irdata=CODE,ibigdata=CODE,ifardata=CODE -prparam=COMRAM \
  C:\Users\User\AppData\Local\Temp\s8l0.obj \
  dist/Standalone/production\LoRaMote.X.production.obj 

Object code version is 3.11

Machine type is 18LF25K50

Call graph: (short form)




                Name                               Link     Load   Length Selector   Space Scale
C:\Users\User\AppData\Local\Temp\s8l0.obj
                end_init                             BA       BA        4        4       0
                reset_vec                             0        0        4        0       0
                idloc                            200000   200000        8   200000       0
                config                           300000   300000        E   300000       0
dist/Standalone/production\LoRaMote.X.production.obj
                intcode                               8        8       B2        4       0
                temp                                 5B       5B        1        1       1
                mediumconst                        7582     7582      A7E     3AC1       0
                text123                            59D0     59D0        4     2CBD       0
                text122                            558E     558E       36        4       0
                text121                            5558     5558       36        4       0
                text120                            5962     5962        C        4       0
                text119                            59BE     59BE        6     2CBD       0
                text118                            4B54     4B54       82        4       0
                text117                            5470     5470       3C        4       0
                text116                            511E     511E       5A        4       0
                text115                            417C     417C       CE        4       0
                text114                            3912     3912       E0        4       0
                text113                            40AE     40AE       CE        4       0
                text112                            2E30     2E30      130        4       0
                text111                            4F4E     4F4E       60        4       0
                text110                            4678     4678       AC        4       0
                text109                            49AC     49AC       94        4       0
                text108                            5434     5434       3C        4       0
                text107                            4308     4308       BA        4       0
                text106                            4DAC     4DAC       6E        4       0
                text105                            50C4     50C4       5A        4       0
                text104                            5068     5068       5C        4       0
                text103                            20CA     20CA      284        4       0
                text102                            2F60     2F60      120        4       0
                text101                            45CC     45CC       AC        4       0
                text100                            56BE     56BE       2C        4       0
                text99                             3832     3832       E0        4       0
                text98                             3BAC     3BAC       DC        4       0
                text97                             4910     4910       9C        4       0
                text96                             319A     319A      100        4       0
                text95                             4ACC     4ACC       88        4       0
                text94                             3FE0     3FE0       CE        4       0
                text93                             533E     533E       42        4       0
                text92                             56EA     56EA       2A        4       0
                text91                             568E     568E       30        4       0
                text90                             2BC4     2BC4      138        4       0
                text89                             2CFC     2CFC      134        4       0
                text88                             59B8     59B8        6     2CBD       0
                text86                             58C2     58C2       16        4       0
                text85                             5998     5998        A     2CBD       0
                text84                             5866     5866       1A        4       0
                text83                             5922     5922       12        4       0
                text82                             53F8     53F8       3C        4       0
                text81                             58AC     58AC       16        4       0
                text80                             51D0     51D0       50        4       0
                text79                             5910     5910       12        4       0
                text78                             59CC     59CC        4     2CBD       0
                text77                             5520     5520       38        4       0
                text76                             59C8     59C8        4     2CBD       0
                text75                             58D8     58D8       14        4       0
                text74                             57D2     57D2       22        4       0
                text73                             55F8     55F8       34        4       0
                text72                             55C4     55C4       34        4       0
                text71                             27F4     27F4      156        4       0
                text70                             3E3A     3E3A       D8        4       0
                text69                             267A     267A      17A        4       0
                text68                             52B4     52B4       46        4       0
                text67                             53BC     53BC       3C        4       0
                text66                             59AA     59AA        8     2CBD       0
                text65                             59C4     59C4        4     2CBD       0
                text64                             3668     3668       EA        4       0
                text63                             57B0     57B0       22        4       0
                text62                             3752     3752       E0        4       0
                text61                             58FE     58FE       12        4       0
                text60                             5944     5944       10        4       0
                text59                             57F4     57F4       20        4       0
                text58                             5830     5830       1C        4       0
                text57                             5934     5934       10        4       0
                text56                             4520     4520       AC        4       0
                text55                             573C     573C       28        4       0
                text54                             584C     584C       1A        4       0
                text53                             4E1A     4E1A       6C        4       0
                text52                             4BD6     4BD6       7C        4       0
                text51                             3F12     3F12       CE        4       0
                text50                             598E     598E        A     2CBD       0
                text49                             5954     5954        E        4       0
                text48                             565E     565E       30        4       0
                text47                             58EC     58EC       12        4       0
                text46                             578A     578A       26        4       0
                text45                             59A2     59A2        8     2CBD       0
                text44                             3486     3486       F2        4       0
                text43                             4EEC     4EEC       62        4       0
                text42                             294A     294A      142        4       0
                text41                             59B2     59B2        6     2CBD       0
                text40                             5984     5984        A     2CBD       0
                text39                             5380     5380       3C        4       0
                text38                             54E6     54E6       3A        4       0
                text37                             5178     5178       58        4       0
                text36                             486E     486E       A2        4       0
                text35                             1786     1786      678        4       0
                text34                             526E     526E       46        4       0
                text33                             4C52     4C52       78        4       0
                text32                             562C     562C       32        4       0
                text31                             2500     2500      17A        4       0
                text30                             597A     597A        A     2CBD       0
                text29                             424A     424A       BE        4       0
                text28                             5220     5220       4E        4       0
                text27                             4CCA     4CCA       74        4       0
                text26                             4A40     4A40       8C        4       0
                text25                             5714     5714       28        4       0
                text24                             5896     5896       16        4       0
                text23                             3D62     3D62       D8        4       0
                text22                             5814     5814       1C        4       0
                text21                             5880     5880       16        4       0
                text20                             5764     5764       26        4       0
                text19                             3AD0     3AD0       DC        4       0
                text18                             234E     234E      1B2        4       0
                text17                             47CC     47CC       A2        4       0
                text16                             500C     500C       5C        4       0
                text15                             39F2     39F2       DE        4       0
                text14                             43C2     43C2       B0        4       0
                text13                             2A8C     2A8C      138        4       0
                text12                             4724     4724       A8        4       0
                text11                             54AC     54AC       3A        4       0
                text10                             3C88     3C88       DA        4       0
                text9                                BE       BE     16C8        4       0
                text8                              1DFE     1DFE      2CC        4       0
                text7                              3578     3578       F0        4       0
                text6                              3392     3392       F4        4       0
                text5                              4D3E     4D3E       6E        4       0
                text4                              4E86     4E86       66        4       0
                text3                              4472     4472       AE        4       0
                text2                              329A     329A       F8        4       0
                text1                              52FA     52FA       44        4       0
                text0                              3080     3080      11A        4       0
                cstackCOMRAM                         2E       2E       2D        1       1
                cstackBANK0                          C3       C3       2D       60       1
                cstackBANK1                         1E6      1E6        9      100       1
                bssBANK2                            200      200       A0      200       1
                bssBANK1                            100      100       E6      100       1
                dataBANK0                            F0       F0        B       60       1
                bssBANK0                             60       60       63       60       1
                bssCOMRAM                             1        1       2D        1       1
                cinit                              4FAE     4FAE       5E        4       0
                idataBANK0                         596E     596E        B        4       0

TOTAL           Name                               Link     Load   Length     Space
        CLASS   STACK          

        CLASS   CODE           
                end_init                             BA       BA        4         0
                intcode                               8        8       B2         0
                reset_vec                             0        0        4         0
                text123                            59D0     59D0        4         0
                text122                            558E     558E       36         0
                text121                            5558     5558       36         0
                text120                            5962     5962        C         0
                text119                            59BE     59BE        6         0
                text118                            4B54     4B54       82         0
                text117                            5470     5470       3C         0
                text116                            511E     511E       5A         0
                text115                            417C     417C       CE         0
                text114                            3912     3912       E0         0
                text113                            40AE     40AE       CE         0
                text112                            2E30     2E30      130         0
                text111                            4F4E     4F4E       60         0
                text110                            4678     4678       AC         0
                text109                            49AC     49AC       94         0
                text108                            5434     5434       3C         0
                text107                            4308     4308       BA         0
                text106                            4DAC     4DAC       6E         0
                text105                            50C4     50C4       5A         0
                text104                            5068     5068       5C         0
                text103                            20CA     20CA      284         0
                text102                            2F60     2F60      120         0
                text101                            45CC     45CC       AC         0
                text100                            56BE     56BE       2C         0
                text99                             3832     3832       E0         0
                text98                             3BAC     3BAC       DC         0
                text97                             4910     4910       9C         0
                text96                             319A     319A      100         0
                text95                             4ACC     4ACC       88         0
                text94                             3FE0     3FE0       CE         0
                text93                             533E     533E       42         0
                text92                             56EA     56EA       2A         0
                text91                             568E     568E       30         0
                text90                             2BC4     2BC4      138         0
                text89                             2CFC     2CFC      134         0
                text88                             59B8     59B8        6         0
                text86                             58C2     58C2       16         0
                text85                             5998     5998        A         0
                text84                             5866     5866       1A         0
                text83                             5922     5922       12         0
                text82                             53F8     53F8       3C         0
                text81                             58AC     58AC       16         0
                text80                             51D0     51D0       50         0
                text79                             5910     5910       12         0
                text78                             59CC     59CC        4         0
                text77                             5520     5520       38         0
                text76                             59C8     59C8        4         0
                text75                             58D8     58D8       14         0
                text74                             57D2     57D2       22         0
                text73                             55F8     55F8       34         0
                text72                             55C4     55C4       34         0
                text71                             27F4     27F4      156         0
                text70                             3E3A     3E3A       D8         0
                text69                             267A     267A      17A         0
                text68                             52B4     52B4       46         0
                text67                             53BC     53BC       3C         0
                text66                             59AA     59AA        8         0
                text65                             59C4     59C4        4         0
                text64                             3668     3668       EA         0
                text63                             57B0     57B0       22         0
                text62                             3752     3752       E0         0
                text61                             58FE     58FE       12         0
                text60                             5944     5944       10         0
                text59                             57F4     57F4       20         0
                text58                             5830     5830       1C         0
                text57                             5934     5934       10         0
                text56                             4520     4520       AC         0
                text55                             573C     573C       28         0
                text54                             584C     584C       1A         0
                text53                             4E1A     4E1A       6C         0
                text52                             4BD6     4BD6       7C         0
                text51                             3F12     3F12       CE         0
                text50                             598E     598E        A         0
                text49                             5954     5954        E         0
                text48                             565E     565E       30         0
                text47                             58EC     58EC       12         0
                text46                             578A     578A       26         0
                text45                             59A2     59A2        8         0
                text44                             3486     3486       F2         0
                text43                             4EEC     4EEC       62         0
                text42                             294A     294A      142         0
                text41                             59B2     59B2        6         0
                text40                             5984     5984        A         0
                text39                             5380     5380       3C         0
                text38                             54E6     54E6       3A         0
                text37                             5178     5178       58         0
                text36                             486E     486E       A2         0
                text35                             1786     1786      678         0
                text34                             526E     526E       46         0
                text33                             4C52     4C52       78         0
                text32                             562C     562C       32         0
                text31                             2500     2500      17A         0
                text30                             597A     597A        A         0
                text29                             424A     424A       BE         0
                text28                             5220     5220       4E         0
                text27                             4CCA     4CCA       74         0
                text26                             4A40     4A40       8C         0
                text25                             5714     5714       28         0
                text24                             5896     5896       16         0
                text23                             3D62     3D62       D8         0
                text22                             5814     5814       1C         0
                text21                             5880     5880       16         0
                text20                             5764     5764       26         0
                text19                             3AD0     3AD0       DC         0
                text18                             234E     234E      1B2         0
                text17                             47CC     47CC       A2         0
                text16                             500C     500C       5C         0
                text15                             39F2     39F2       DE         0
                text14                             43C2     43C2       B0         0
                text13                             2A8C     2A8C      138         0
                text12                             4724     4724       A8         0
                text11                             54AC     54AC       3A         0
                text10                             3C88     3C88       DA         0
                text9                                BE       BE     16C8         0
                text8                              1DFE     1DFE      2CC         0
                text7                              3578     3578       F0         0
                text6                              3392     3392       F4         0
                text5                              4D3E     4D3E       6E         0
                text4                              4E86     4E86       66         0
                text3                              4472     4472       AE         0
                text2                              329A     329A       F8         0
                text1                              52FA     52FA       44         0
                text0                              3080     3080      11A         0
                cinit                              4FAE     4FAE       5E         0
                idataBANK0                         596E     596E        B         0

        CLASS   CONST          

        CLASS   SMALLCONST     

        CLASS   MEDIUMCONST    
                mediumconst                        7582     7582      A7E         0

        CLASS   COMRAM         
                temp                                 5B       5B        1         1
                cstackCOMRAM                         2E       2E       2D         1
                bssCOMRAM                             1        1       2D         1

        CLASS   ABS1           
                abs_s1                              400      400       40         1
                abs_s1                              500      500       80         1

        CLASS   BIGRAM         

        CLASS   RAM            

        CLASS   BANK0          
                cstackBANK0                          C3       C3       2D         1
                dataBANK0                            F0       F0        B         1
                bssBANK0                             60       60       63         1

        CLASS   BANK1          
                cstackBANK1                         1E6      1E6        9         1
                bssBANK1                            100      100       E6         1

        CLASS   BANK2          
                bssBANK2                            200      200       A0         1

        CLASS   BANK3          

        CLASS   BANK4          

        CLASS   BANK5          

        CLASS   BANK6          

        CLASS   BANK7          

        CLASS   SFR            

        CLASS   FARRAM         

        CLASS   CONFIG         
                config                           300000   300000        E         0

        CLASS   IDLOC          
                idloc                            200000   200000        8         0

        CLASS   EEDATA         



SEGMENTS        Name                           Load    Length   Top    Selector   Space  Class

                reset_vec                      000000  000004  000004         0       0  CODE    
                bssCOMRAM                      000001  00005B  00005C         1       1  COMRAM  
                intcode                        000008  005971  005979         4       0  CODE    
                bssBANK0                       000060  00009B  0000FB        60       1  BANK0   
                bssBANK1                       000100  0000EF  0001EF       100       1  BANK1   
                bssBANK2                       000200  0000A0  0002A0       200       1  BANK2   
                text30                         00597A  00005A  0059D4      2CBD       0  CODE    
                mediumconst                    007582  000A7E  008000      3AC1       0  MEDIUMCO
                idloc                          200000  000008  200008    200000       0  IDLOC   
                config                         300000  00000E  30000E    300000       0  CONFIG  


UNUSED ADDRESS RANGES

        Name                Unused          Largest block    Delta
        BANK0            0000FB-0000FF                5
        BANK1            0001EF-0001FF               11
        BANK2            0002A0-0002FF               60
        BANK3            000300-0003FF              100
        BANK4            000440-0004FF               C0
        BANK5            000580-0005FF               80
        BANK6            000600-0006FF              100
        BANK7            000700-0007FF              100
        BIGRAM           00005C-00005F                4
                         0000FB-0000FF                5
                         0001EF-0001FF               11
                         0002A0-0003FF              160
                         000440-0004FF               C0
                         000580-0007FF              280
        CODE             000004-000007                4
                         005979-005979                1
                         0059D4-007581             1BAE
        COMRAM           00005C-00005F                4
        CONST            000004-000007                4
                         005979-005979                1
                         0059D4-007581             1BAE
        EEDATA           F00000-F000FF              100
        MEDIUMCONST      005979-005979                1
                         0059D4-007581             1BAE
        RAM              0000FB-0000FF                5
                         0001EF-0001FF               11
                         0002A0-0003FF               60
                         000440-0004FF               C0
                         000580-0007FF              100
        SFR              000F53-000FFF                D
        SMALLCONST       005979-005979                1
                         0059D4-007581              100
        STACK            000580-0007FF              280

                                  Symbol Table

?_ADC_GetConversion                          cstackBANK0  0000C3
?_USBTransferOnePacket                       cstackBANK0  0000C3
?___almod                                    cstackBANK0  0000C3
?___awdiv                                    cstackBANK0  0000C3
?___awmod                                    cstackBANK0  0000C3
?___lldiv                                    cstackCOMRAM 00002E
?___lwdiv                                    cstackBANK0  0000C3
?___lwmod                                    cstackBANK0  0000C3
?_strcmp                                     cstackBANK0  0000C3
?_strncmp                                    cstackBANK0  0000C3
?i2_USBTransferOnePacket                     cstackCOMRAM 00002E
ADC_GetConversion@channel                    cstackBANK0  0000C7
ADC_TempConversion@temp                      cstackBANK0  0000CB
ADC_TempConversion@tempRaw                   cstackBANK0  0000CA
CDCTxService@byte_to_send                    cstackBANK0  0000CE
CDCTxService@i                               cstackBANK0  0000CD
DATAEE_ReadByte@bAdd                         cstackBANK0  0000C3
DATAEE_WriteByte@GIEBitValue                 cstackBANK0  0000C5
DATAEE_WriteByte@bAdd                        cstackBANK0  0000C4
DATAEE_WriteByte@bData                       cstackBANK0  0000C3
EUSART_FlushBuffer@index                     cstackBANK0  0000C3
EUSART_Read@readValue                        cstackBANK0  0000C3
EUSART_Write@txData                          cstackBANK0  0000C3
MOTEapp_SetDataRateSetting@dr                cstackBANK0  0000C7
MOTEapp_TimerBasedTask@timerTask             cstackBANK0  0000C3
MOTEapp_getModuleResponse@bufferByte         cstackBANK0  0000C5
MOTEapp_getModuleResponse@terminatorReceived cstackBANK0  0000C4
MOTEapp_handlerState@state                   cstackBANK0  0000C3
SPI_Exchange8bit@data                        cstackBANK0  0000C3
Set_Column_Address@address                   cstackBANK0  0000C5
Set_Page_Address@address                     cstackBANK0  0000C5
TMR2_ReadTimer@readVal                       cstackBANK0  0000C3
USART_mySetLineCodingHandler@dwBaud          cstackCOMRAM 00003B
USBConfigureEndpoint@EPNum                   cstackCOMRAM 000033
USBConfigureEndpoint@direction               cstackCOMRAM 00002E
USBConfigureEndpoint@handle                  cstackCOMRAM 000034
USBCtrlEPService@setup_cnt                   cstackCOMRAM 00004B
USBCtrlTrfInHandler@lastDTS                  cstackCOMRAM 00003F
USBCtrlTrfRxService@byteToRead               cstackCOMRAM 000040
USBCtrlTrfRxService@i                        cstackCOMRAM 00003F
USBCtrlTrfTxService@byteToSend               cstackCOMRAM 00002E
USBDeviceInit@i                              cstackBANK0  0000CB
USBDeviceTasks@i                             cstackCOMRAM 00004C
USBEnableEndpoint@ep                         cstackCOMRAM 000039
USBEnableEndpoint@options                    cstackCOMRAM 000036
USBEnableEndpoint@p                          cstackCOMRAM 000037
USBStdFeatureReqHandler@current_ep_data      cstackCOMRAM 000046
USBStdFeatureReqHandler@p                    cstackCOMRAM 000047
USBStdFeatureReqHandler@pUEP                 cstackCOMRAM 000044
USBStdGetStatusHandler@p                     cstackCOMRAM 00002F
USBStdSetCfgHandler@i                        cstackCOMRAM 000043
USBTransferOnePacket@data                    cstackBANK0  0000C4
USBTransferOnePacket@dir                     cstackBANK0  0000C3
USBTransferOnePacket@ep                      cstackBANK0  0000C7
USBTransferOnePacket@handle                  cstackBANK0  0000C8
USBTransferOnePacket@len                     cstackBANK0  0000C6
USBapp_CdcEmulatorInitialize@i               cstackCOMRAM 00003A
USBapp_Handler@buttonPress                   cstackBANK0  0000D5
USBapp_LEDUpdateStatus@ledCount              bssCOMRAM    000015
USBapp_exitCDCState@usbState                 cstackBANK0  0000C3
USBapp_handlerState@state                    cstackBANK0  0000C3
USER_USB_CALLBACK_EVENT_HANDLER@event        cstackCOMRAM 00003B
USER_USB_CALLBACK_EVENT_HANDLER@pdata        cstackCOMRAM 00003D
USER_USB_CALLBACK_EVENT_HANDLER@size         cstackCOMRAM 00003F
_ACTCON                                      (abs)        000FB5
_ADCON0                                      (abs)        000FC2
_ADCON0bits                                  (abs)        000FC2
_ADCON1                                      (abs)        000FC1
_ADCON2                                      (abs)        000FC0
_ADC_GetConversion                           text34       00526E
_ADC_Initialize                              text84       005866
_ADC_TempConversion                          text32       00562C
_ADRESH                                      (abs)        000FC4
_ADRESL                                      (abs)        000FC3
_ANSELAbits                                  (abs)        000F5B
_ANSELCbits                                  (abs)        000F5D
_BAUDCON                                     (abs)        000FB8
_BDT                                         (abs)        000400
_BaudRateGen                                 bssBANK1     000120
_BothEP0OutUOWNsSet                          bssBANK0     00008C
_CDCDataInHandle                             bssBANK0     000076
_CDCDataOutHandle                            bssBANK0     000078
_CDCInitEP                                   text106      004DAC
_CDCTxService                                text69       00267A
_CDCTxService$5932                           cstackBANK0  0000CB
_CKE                                         (abs)        007E3E
_CKP                                         (abs)        007E34
_CM1CON0                                     (abs)        000F98
_CM1CON0bits                                 (abs)        000F98
_CM2CON1bits                                 (abs)        000F9A
_CMP1_ISR                                    text123      0059D0
_CMP1_Initialize                             text83       005922
_Ch                                          bssBANK0     00008D
_Check                                       bssBANK0     00008E
_CtrlTrfData                                 (abs)        000438
_DATAEE_ReadByte                             text86       0058C2
_DATAEE_WriteByte                            text39       005380
_EEADR                                       (abs)        000FA9
_EECON1bits                                  (abs)        000FA6
_EECON2                                      (abs)        000FA7
_EEDATA                                      (abs)        000FA8
_EUSART_FlushBuffer                          text28       005220
_EUSART_Initialize                           text82       0053F8
_EUSART_Read                                 text68       0052B4
_EUSART_Receive_ISR                          text122      00558E
_EUSART_Transmit_ISR                         text121      005558
_EUSART_Write                                text67       0053BC
_EndLine                                     text49       005954
_GIE                                         (abs)        007F97
_INTCONbits                                  (abs)        000FF2
_INTERRUPT_InterruptManager                  intcode      000008
_IOCCbits                                    (abs)        000F87
_IPR3bits                                    (abs)        000FA5
_LATA                                        (abs)        000F89
_LATAbits                                    (abs)        000F89
_LATB                                        (abs)        000F8A
_LATBbits                                    (abs)        000F8A
_LATC                                        (abs)        000F8B
_LATCbits                                    (abs)        000F8B
_LastRS232Out                                bssCOMRAM    00001D
_MOTEapp_SetDataRateSetting                  text31       002500
_MOTEapp_TimerBasedTask                      text46       00578A
_MOTEapp_getModuleResponse                   text27       004CCA
_MOTEapp_handlerState                        text85       005998
_MOTEapp_setResponseReady                    text66       0059AA
_NextUSBOut                                  bssCOMRAM    00001E
_OSCCON                                      (abs)        000FD3
_OSCCON2                                     (abs)        000FD2
_OSCCON2bits                                 (abs)        000FD2
_OSCILLATOR_Initialize                       text81       0058AC
_OSCTUNE                                     (abs)        000F9B
_OledFont0                                   mediumconst  00758B
_PEIE                                        (abs)        007F96
_PIE1bits                                    (abs)        000F9D
_PIE2bits                                    (abs)        000FA0
_PIE3bits                                    (abs)        000FA3
_PIN_MANAGER_Initialize                      text80       0051D0
_PIR1bits                                    (abs)        000F9E
_PIR2bits                                    (abs)        000FA1
_PIR3bits                                    (abs)        000FA4
_PORTAbits                                   (abs)        000F80
_PORTBbits                                   (abs)        000F81
_PORTCbits                                   (abs)        000F82
_PR2                                         (abs)        000FBB
_RCONbits                                    (abs)        000FD0
_RCREG                                       (abs)        000FAE
_RCSTA                                       (abs)        000FAB
_RCSTAbits                                   (abs)        000FAB
_RH                                          bssBANK0     00007A
_RH_byte1                                    bssBANK0     00008F
_RH_byte2                                    bssBANK0     000090
_RS232_Out_Data_Rdy                          bssCOMRAM    00001F
_RS232cp                                     bssCOMRAM    000020
_RemoteWakeup                                bssBANK0     000091
_SPBRG                                       (abs)        000FAF
_SPBRGH                                      (abs)        000FB0
_SPI_Exchange8bit                            text61       0058FE
_SPI_Initialize                              text79       005910
_SSP1ADD                                     (abs)        000FC8
_SSP1CON1                                    (abs)        000FC6
_SSP1CON1bits                                (abs)        000FC6
_SSP1STAT                                    (abs)        000FC7
_SSP1STATbits                                (abs)        000FC7
_SSPBUF                                      (abs)        000FC9
_SYSTEM_Initialize                           text74       0057D2
_Set_Column_Address                          text59       0057F4
_Set_Page_Address                            text58       005830
_SetupPkt                                    (abs)        000430
_SleepTimeOut                                dataBANK0    0000F2
_Sum                                         bssBANK0     00007C
_T1CON                                       (abs)        000FCD
_T1CONbits                                   (abs)        000FCD
_T1GCON                                      (abs)        000FCC
_T1GCONbits                                  (abs)        000FCC
_T2CON                                       (abs)        000FBA
_T2CONbits                                   (abs)        000FBA
_TABLAT                                      (abs)        000FF5
_TBLPTRH                                     (abs)        000FF7
_TBLPTRL                                     (abs)        000FF6
_TBLPTRU                                     (abs)        000FF8
_TMR1H                                       (abs)        000FCF
_TMR1L                                       (abs)        000FCE
_TMR1_ISR                                    text120      005962
_TMR1_Initialize                             text77       005520
_TMR1_StartTimer                             text78       0059CC
_TMR2                                        (abs)        000FBC
_TMR2_Initialize                             text75       0058D8
_TMR2_ReadTimer                              text30       00597A
_TMR2_StartTimer                             text76       0059C8
_TMRapp_ClearBitFlags                        text45       0059A2
_TMRapp_Handler                              text42       00294A
_TMRapp_Tick                                 text119      0059BE
_TRISAbits                                   (abs)        000F92
_TRISB                                       (abs)        000F93
_TRISBbits                                   (abs)        000F93
_TRISC                                       (abs)        000F94
_TRISCbits                                   (abs)        000F94
_TXREG                                       (abs)        000FAD
_TXSTA                                       (abs)        000FAC
_TXSTAbits                                   (abs)        000FAC
_T_byte1                                     bssBANK0     000092
_T_byte2                                     bssBANK0     000093
_Temp                                        bssBANK0     00007E
_UADDR                                       (abs)        000F63
_UCFG                                        (abs)        000F62
_UCON                                        (abs)        000F60
_UCONbits                                    (abs)        000F60
_UEIE                                        (abs)        000F66
_UEIR                                        (abs)        000F67
_UEP0                                        (abs)        000F6A
_UEP0bits                                    (abs)        000F6A
_UEP1                                        (abs)        000F6B
_UIE                                         (abs)        000F64
_UIEbits                                     (abs)        000F64
_UIR                                         (abs)        000F65
_UIRbits                                     (abs)        000F65
_USART_mySetLineCodingHandler                text116      00511E
_USBActiveConfiguration                      bssCOMRAM    00002C
_USBAlternateInterface                       bssBANK0     0000C1
_USBBusIsSuspended                           bssBANK0     000094
_USBCheckCDCRequest                          text110      004678
_USBCheckStdRequest                          text98       003BAC
_USBConfigureEndpoint                        text109      0049AC
_USBCtrlEPAllowDataStage                     text97       004910
_USBCtrlEPAllowStatusStage                   text113      0040AE
_USBCtrlEPService                            text94       003FE0
_USBCtrlEPServiceComplete                    text96       00319A
_USBCtrlTrfInHandler                         text114      003912
_USBCtrlTrfOutHandler                        text111      004F4E
_USBCtrlTrfRxService                         text112      002E30
_USBCtrlTrfSetupHandler                      text95       004ACC
_USBCtrlTrfTxService                         text115      00417C
_USBDeferINDataStagePackets                  bssBANK0     000095
_USBDeferOUTDataStagePackets                 bssBANK0     000096
_USBDeferStatusStagePacket                   bssCOMRAM    000021
_USBDeviceAttach                             text73       0055F8
_USBDeviceInit                               text71       0027F4
_USBDeviceState                              bssBANK0     000097
_USBDeviceTasks                              text89       002CFC
_USBEnableEndpoint                           text108      005434
_USBStallHandler                             text93       00533E
_USBStatusStageEnabledFlag1                  bssBANK0     000098
_USBStatusStageEnabledFlag2                  bssBANK0     000099
_USBStatusStageTimeoutCounter                bssCOMRAM    000022
_USBStdFeatureReqHandler                     text103      0020CA
_USBStdGetDscHandler                         text102      002F60
_USBStdGetStatusHandler                      text101      0045CC
_USBStdSetCfgHandler                         text99       003832
_USBSuspend                                  text92       0056EA
_USBTransferOnePacket                        text70       003E3A
_USBWakeFromSuspend                          text91       00568E
_USB_Buffer                                  bssBANK1     000124
_USB_CD_Ptr                                  mediumconst  007589
_USB_SD_Ptr                                  mediumconst  007583
_USBapp_CdcEmulatorInitialize                text105      0050C4
_USBapp_DeviceCdcEmulatorHandler             text62       003752
_USBapp_Handler                              text51       003F12
_USBapp_exitCDC                              text41       0059B2
_USBapp_exitCDCState                         text40       005984
_USBapp_getrxByteFlag                        text65       0059C4
_USBapp_handlerState                         text50       00598E
_USBapp_setrxByteFlag                        text88       0059B8
_USER_USB_CALLBACK_EVENT_HANDLER             text104      005068
_USTAT                                       (abs)        000F61
_USTATcopy                                   bssCOMRAM    00002D
_VREFCON0                                    (abs)        000F7D
_VREFCON0bits                                (abs)        000F7D
_WDTCONbits                                  (abs)        000FD1
_WPUBbits                                    (abs)        000F85
__CFG_BOREN$SBORDIS                          (abs)        000000
__CFG_BORV$190                               (abs)        000000
__CFG_CCP2MX$RC1                             (abs)        000000
__CFG_CFGPLLEN$OFF                           (abs)        000000
__CFG_CP0$OFF                                (abs)        000000
__CFG_CP1$OFF                                (abs)        000000
__CFG_CP2$OFF                                (abs)        000000
__CFG_CP3$OFF                                (abs)        000000
__CFG_CPB$OFF                                (abs)        000000
__CFG_CPD$OFF                                (abs)        000000
__CFG_CPUDIV$NOCLKDIV                        (abs)        000000
__CFG_EBTR0$OFF                              (abs)        000000
__CFG_EBTR1$OFF                              (abs)        000000
__CFG_EBTR2$OFF                              (abs)        000000
__CFG_EBTR3$OFF                              (abs)        000000
__CFG_EBTRB$OFF                              (abs)        000000
__CFG_FCMEN$OFF                              (abs)        000000
__CFG_FOSC$INTOSCIO                          (abs)        000000
__CFG_ICPRT$OFF                              (abs)        000000
__CFG_IESO$OFF                               (abs)        000000
__CFG_LS48MHZ$SYS48X8                        (abs)        000000
__CFG_LVP$OFF                                (abs)        000000
__CFG_MCLRE$ON                               (abs)        000000
__CFG_PBADEN$OFF                             (abs)        000000
__CFG_PCLKEN$OFF                             (abs)        000000
__CFG_PLLSEL$PLL3X                           (abs)        000000
__CFG_SDOMX$RB3                              (abs)        000000
__CFG_STVREN$ON                              (abs)        000000
__CFG_T3CMX$RC0                              (abs)        000000
__CFG_WDTEN$SWON                             (abs)        000000
__CFG_WDTPS$8192                             (abs)        000000
__CFG_WRT0$OFF                               (abs)        000000
__CFG_WRT1$OFF                               (abs)        000000
__CFG_WRT2$OFF                               (abs)        000000
__CFG_WRT3$OFF                               (abs)        000000
__CFG_WRTB$OFF                               (abs)        000000
__CFG_WRTC$OFF                               (abs)        000000
__CFG_WRTD$OFF                               (abs)        000000
__CFG_XINST$OFF                              (abs)        000000
__CFG_nLPBOR$ON                              (abs)        000000
__CFG_nPWRTEN$OFF                            (abs)        000000
__HRAM                                       (abs)        000000
__Habs1                                      abs1         000000
__Hbank0                                     bank0        000000
__Hbank1                                     bank1        000000
__Hbank2                                     bank2        000000
__Hbank3                                     bank3        000000
__Hbank4                                     bank4        000000
__Hbank5                                     bank5        000000
__Hbank6                                     bank6        000000
__Hbank7                                     bank7        000000
__Hbigbss                                    bigbss       000000
__Hbigdata                                   bigdata      000000
__Hbigram                                    bigram       000000
__Hbss                                       bss          000000
__HbssBANK0                                  bssBANK0     000000
__HbssBANK1                                  bssBANK1     000000
__HbssBANK2                                  bssBANK2     000000
__HbssCOMRAM                                 bssCOMRAM    000000
__Hcinit                                     cinit        000000
__Hclrtext                                   clrtext      000000
__Hcomram                                    comram       000000
__Hconfig                                    config       30000E
__Hconst                                     const        000000
__HcstackBANK0                               cstackBANK0  000000
__HcstackBANK1                               cstackBANK1  000000
__HcstackCOMRAM                              cstackCOMRAM 000000
__Hdata                                      data         000000
__HdataBANK0                                 dataBANK0    000000
__Heeprom_data                               eeprom_data  000000
__Hend_init                                  end_init     0000BE
__Hfarbss                                    farbss       000000
__Hfardata                                   fardata      000000
__Hibigdata                                  ibigdata     000000
__Hidata                                     idata        000000
__HidataBANK0                                idataBANK0   000000
__Hidloc                                     idloc        200008
__Hifardata                                  ifardata     000000
__Hinit                                      init         0000BA
__Hintcode                                   intcode      0000BA
__Hintcode_body                              intcode_body 000000
__Hintcodelo                                 intcodelo    0000BA
__Hintentry                                  intentry     000000
__Hintret                                    intret       000000
__Hintsave_regs                              intsave_regs 000000
__Hirdata                                    irdata       000000
__Hmediumconst                               mediumconst  008000
__HnvFARRAM                                  nvFARRAM     000000
__Hnvbit                                     nvbit        000000
__Hnvrram                                    nvrram       000000
__Hparam                                     rparam       000000
__Hpowerup                                   powerup      0000BA
__Hram                                       ram          000000
__Hramtop                                    ramtop       000800
__Hrbit                                      rbit         000000
__Hrbss                                      rbss         000000
__Hrdata                                     rdata        000000
__Hreset_vec                                 reset_vec    000004
__Hrparam                                    rparam       000000
__Hsfr                                       sfr          000000
__Hsmallconst                                smallconst   000000
__Hspace_0                                   (abs)        30000E
__Hspace_1                                   (abs)        0002A0
__Hspace_2                                   (abs)        000000
__Hstack                                     stack        000000
__Hstruct                                    struct       000000
__Htemp                                      temp         00005C
__Htext                                      text         000000
__Htext0                                     text0        000000
__Htext1                                     text1        000000
__Htext10                                    text10       000000
__Htext100                                   text100      000000
__Htext101                                   text101      000000
__Htext102                                   text102      000000
__Htext103                                   text103      000000
__Htext104                                   text104      000000
__Htext105                                   text105      000000
__Htext106                                   text106      000000
__Htext107                                   text107      000000
__Htext108                                   text108      000000
__Htext109                                   text109      000000
__Htext11                                    text11       000000
__Htext110                                   text110      000000
__Htext111                                   text111      000000
__Htext112                                   text112      000000
__Htext113                                   text113      000000
__Htext114                                   text114      000000
__Htext115                                   text115      000000
__Htext116                                   text116      000000
__Htext117                                   text117      000000
__Htext118                                   text118      000000
__Htext119                                   text119      000000
__Htext12                                    text12       000000
__Htext120                                   text120      000000
__Htext121                                   text121      000000
__Htext122                                   text122      000000
__Htext123                                   text123      000000
__Htext124                                   text124      000000
__Htext13                                    text13       000000
__Htext14                                    text14       000000
__Htext15                                    text15       000000
__Htext16                                    text16       000000
__Htext17                                    text17       000000
__Htext18                                    text18       000000
__Htext19                                    text19       000000
__Htext2                                     text2        000000
__Htext20                                    text20       000000
__Htext21                                    text21       000000
__Htext22                                    text22       000000
__Htext23                                    text23       000000
__Htext24                                    text24       000000
__Htext25                                    text25       000000
__Htext26                                    text26       000000
__Htext27                                    text27       000000
__Htext28                                    text28       000000
__Htext29                                    text29       000000
__Htext3                                     text3        000000
__Htext30                                    text30       000000
__Htext31                                    text31       000000
__Htext32                                    text32       000000
__Htext33                                    text33       000000
__Htext34                                    text34       000000
__Htext35                                    text35       000000
__Htext36                                    text36       000000
__Htext37                                    text37       000000
__Htext38                                    text38       000000
__Htext39                                    text39       000000
__Htext4                                     text4        000000
__Htext40                                    text40       000000
__Htext41                                    text41       000000
__Htext42                                    text42       000000
__Htext43                                    text43       000000
__Htext44                                    text44       000000
__Htext45                                    text45       000000
__Htext46                                    text46       000000
__Htext47                                    text47       000000
__Htext48                                    text48       000000
__Htext49                                    text49       000000
__Htext5                                     text5        000000
__Htext50                                    text50       000000
__Htext51                                    text51       000000
__Htext52                                    text52       000000
__Htext53                                    text53       000000
__Htext54                                    text54       000000
__Htext55                                    text55       000000
__Htext56                                    text56       000000
__Htext57                                    text57       000000
__Htext58                                    text58       000000
__Htext59                                    text59       000000
__Htext6                                     text6        000000
__Htext60                                    text60       000000
__Htext61                                    text61       000000
__Htext62                                    text62       000000
__Htext63                                    text63       000000
__Htext64                                    text64       000000
__Htext65                                    text65       000000
__Htext66                                    text66       000000
__Htext67                                    text67       000000
__Htext68                                    text68       000000
__Htext69                                    text69       000000
__Htext7                                     text7        000000
__Htext70                                    text70       000000
__Htext71                                    text71       000000
__Htext72                                    text72       000000
__Htext73                                    text73       000000
__Htext74                                    text74       000000
__Htext75                                    text75       000000
__Htext76                                    text76       000000
__Htext77                                    text77       000000
__Htext78                                    text78       000000
__Htext79                                    text79       000000
__Htext8                                     text8        000000
__Htext80                                    text80       000000
__Htext81                                    text81       000000
__Htext82                                    text82       000000
__Htext83                                    text83       000000
__Htext84                                    text84       000000
__Htext85                                    text85       000000
__Htext86                                    text86       000000
__Htext88                                    text88       000000
__Htext89                                    text89       000000
__Htext9                                     text9        000000
__Htext90                                    text90       000000
__Htext91                                    text91       000000
__Htext92                                    text92       000000
__Htext93                                    text93       000000
__Htext94                                    text94       000000
__Htext95                                    text95       000000
__Htext96                                    text96       000000
__Htext97                                    text97       000000
__Htext98                                    text98       000000
__Htext99                                    text99       000000
__LRAM                                       (abs)        000001
__Labs1                                      abs1         000000
__Lbank0                                     bank0        000000
__Lbank1                                     bank1        000000
__Lbank2                                     bank2        000000
__Lbank3                                     bank3        000000
__Lbank4                                     bank4        000000
__Lbank5                                     bank5        000000
__Lbank6                                     bank6        000000
__Lbank7                                     bank7        000000
__Lbigbss                                    bigbss       000000
__Lbigdata                                   bigdata      000000
__Lbigram                                    bigram       000000
__Lbss                                       bss          000000
__LbssBANK0                                  bssBANK0     000000
__LbssBANK1                                  bssBANK1     000000
__LbssBANK2                                  bssBANK2     000000
__LbssCOMRAM                                 bssCOMRAM    000000
__Lcinit                                     cinit        000000
__Lclrtext                                   clrtext      000000
__Lcomram                                    comram       000000
__Lconfig                                    config       300000
__Lconst                                     const        000000
__LcstackBANK0                               cstackBANK0  000000
__LcstackBANK1                               cstackBANK1  000000
__LcstackCOMRAM                              cstackCOMRAM 000000
__Ldata                                      data         000000
__LdataBANK0                                 dataBANK0    000000
__Leeprom_data                               eeprom_data  000000
__Lend_init                                  end_init     0000BA
__Lfarbss                                    farbss       000000
__Lfardata                                   fardata      000000
__Libigdata                                  ibigdata     000000
__Lidata                                     idata        000000
__LidataBANK0                                idataBANK0   000000
__Lidloc                                     idloc        200000
__Lifardata                                  ifardata     000000
__Linit                                      init         0000BA
__Lintcode                                   intcode      000008
__Lintcode_body                              intcode_body 000000
__Lintcodelo                                 intcodelo    0000BA
__Lintentry                                  intentry     000000
__Lintret                                    intret       000000
__Lintsave_regs                              intsave_regs 000000
__Lirdata                                    irdata       000000
__Lmediumconst                               mediumconst  007582
__LnvFARRAM                                  nvFARRAM     000000
__Lnvbit                                     nvbit        000000
__Lnvrram                                    nvrram       000000
__Lparam                                     rparam       000000
__Lpowerup                                   powerup      0000BA
__Lram                                       ram          000000
__Lramtop                                    ramtop       000800
__Lrbit                                      rbit         000000
__Lrbss                                      rbss         000000
__Lrdata                                     rdata        000000
__Lreset_vec                                 reset_vec    000000
__Lrparam                                    rparam       000000
__Lsfr                                       sfr          000000
__Lsmallconst                                smallconst   000000
__Lspace_0                                   (abs)        000000
__Lspace_1                                   (abs)        000000
__Lspace_2                                   (abs)        000000
__Lstack                                     stack        000000
__Lstruct                                    struct       000000
__Ltemp                                      temp         00005B
__Ltext                                      text         000000
__Ltext0                                     text0        000000
__Ltext1                                     text1        000000
__Ltext10                                    text10       000000
__Ltext100                                   text100      000000
__Ltext101                                   text101      000000
__Ltext102                                   text102      000000
__Ltext103                                   text103      000000
__Ltext104                                   text104      000000
__Ltext105                                   text105      000000
__Ltext106                                   text106      000000
__Ltext107                                   text107      000000
__Ltext108                                   text108      000000
__Ltext109                                   text109      000000
__Ltext11                                    text11       000000
__Ltext110                                   text110      000000
__Ltext111                                   text111      000000
__Ltext112                                   text112      000000
__Ltext113                                   text113      000000
__Ltext114                                   text114      000000
__Ltext115                                   text115      000000
__Ltext116                                   text116      000000
__Ltext117                                   text117      000000
__Ltext118                                   text118      000000
__Ltext119                                   text119      000000
__Ltext12                                    text12       000000
__Ltext120                                   text120      000000
__Ltext121                                   text121      000000
__Ltext122                                   text122      000000
__Ltext123                                   text123      000000
__Ltext124                                   text124      000000
__Ltext13                                    text13       000000
__Ltext14                                    text14       000000
__Ltext15                                    text15       000000
__Ltext16                                    text16       000000
__Ltext17                                    text17       000000
__Ltext18                                    text18       000000
__Ltext19                                    text19       000000
__Ltext2                                     text2        000000
__Ltext20                                    text20       000000
__Ltext21                                    text21       000000
__Ltext22                                    text22       000000
__Ltext23                                    text23       000000
__Ltext24                                    text24       000000
__Ltext25                                    text25       000000
__Ltext26                                    text26       000000
__Ltext27                                    text27       000000
__Ltext28                                    text28       000000
__Ltext29                                    text29       000000
__Ltext3                                     text3        000000
__Ltext30                                    text30       000000
__Ltext31                                    text31       000000
__Ltext32                                    text32       000000
__Ltext33                                    text33       000000
__Ltext34                                    text34       000000
__Ltext35                                    text35       000000
__Ltext36                                    text36       000000
__Ltext37                                    text37       000000
__Ltext38                                    text38       000000
__Ltext39                                    text39       000000
__Ltext4                                     text4        000000
__Ltext40                                    text40       000000
__Ltext41                                    text41       000000
__Ltext42                                    text42       000000
__Ltext43                                    text43       000000
__Ltext44                                    text44       000000
__Ltext45                                    text45       000000
__Ltext46                                    text46       000000
__Ltext47                                    text47       000000
__Ltext48                                    text48       000000
__Ltext49                                    text49       000000
__Ltext5                                     text5        000000
__Ltext50                                    text50       000000
__Ltext51                                    text51       000000
__Ltext52                                    text52       000000
__Ltext53                                    text53       000000
__Ltext54                                    text54       000000
__Ltext55                                    text55       000000
__Ltext56                                    text56       000000
__Ltext57                                    text57       000000
__Ltext58                                    text58       000000
__Ltext59                                    text59       000000
__Ltext6                                     text6        000000
__Ltext60                                    text60       000000
__Ltext61                                    text61       000000
__Ltext62                                    text62       000000
__Ltext63                                    text63       000000
__Ltext64                                    text64       000000
__Ltext65                                    text65       000000
__Ltext66                                    text66       000000
__Ltext67                                    text67       000000
__Ltext68                                    text68       000000
__Ltext69                                    text69       000000
__Ltext7                                     text7        000000
__Ltext70                                    text70       000000
__Ltext71                                    text71       000000
__Ltext72                                    text72       000000
__Ltext73                                    text73       000000
__Ltext74                                    text74       000000
__Ltext75                                    text75       000000
__Ltext76                                    text76       000000
__Ltext77                                    text77       000000
__Ltext78                                    text78       000000
__Ltext79                                    text79       000000
__Ltext8                                     text8        000000
__Ltext80                                    text80       000000
__Ltext81                                    text81       000000
__Ltext82                                    text82       000000
__Ltext83                                    text83       000000
__Ltext84                                    text84       000000
__Ltext85                                    text85       000000
__Ltext86                                    text86       000000
__Ltext88                                    text88       000000
__Ltext89                                    text89       000000
__Ltext9                                     text9        000000
__Ltext90                                    text90       000000
__Ltext91                                    text91       000000
__Ltext92                                    text92       000000
__Ltext93                                    text93       000000
__Ltext94                                    text94       000000
__Ltext95                                    text95       000000
__Ltext96                                    text96       000000
__Ltext97                                    text97       000000
__Ltext98                                    text98       000000
__Ltext99                                    text99       000000
__S0                                         (abs)        30000E
__S1                                         (abs)        0002A0
__S2                                         (abs)        000000
___almod                                     text44       003486
___almod@counter                             cstackBANK0  0000CB
___almod@dividend                            cstackBANK0  0000C3
___almod@divisor                             cstackBANK0  0000C7
___almod@sign                                cstackBANK0  0000CC
___awdiv                                     text29       00424A
___awdiv@counter                             cstackBANK0  0000C7
___awdiv@dividend                            cstackBANK0  0000C3
___awdiv@divisor                             cstackBANK0  0000C5
___awdiv@quotient                            cstackBANK0  0000C9
___awdiv@sign                                cstackBANK0  0000C8
___awmod                                     text17       0047CC
___awmod@counter                             cstackBANK0  0000C7
___awmod@dividend                            cstackBANK0  0000C3
___awmod@divisor                             cstackBANK0  0000C5
___awmod@sign                                cstackBANK0  0000C8
___inthi_sp                                  stack        000000
___intlo_sp                                  stack        000000
___lbdiv                                     text16       00500C
___lbdiv@counter                             cstackBANK0  0000C5
___lbdiv@dividend                            cstackBANK0  0000C4
___lbdiv@divisor                             cstackBANK0  0000C3
___lbdiv@quotient                            cstackBANK0  0000C6
___lldiv                                     text118      004B54
___lldiv@counter                             cstackCOMRAM 00003A
___lldiv@dividend                            cstackCOMRAM 00002E
___lldiv@divisor                             cstackCOMRAM 000032
___lldiv@quotient                            cstackCOMRAM 000036
___lwdiv                                     text33       004C52
___lwdiv@counter                             cstackBANK0  0000C7
___lwdiv@dividend                            cstackBANK0  0000C3
___lwdiv@divisor                             cstackBANK0  0000C5
___lwdiv@quotient                            cstackBANK0  0000C8
___lwmod                                     text43       004EEC
___lwmod@counter                             cstackBANK0  0000C7
___lwmod@dividend                            cstackBANK0  0000C3
___lwmod@divisor                             cstackBANK0  0000C5
___param_bank                                (abs)        000010
___rparam_used                               (abs)        000001
___sp                                        stack        000000
__accesstop                                  (abs)        000060
__activetblptr                               (abs)        000002
__end_of_ADC_GetConversion                   text34       0052B4
__end_of_ADC_Initialize                      text84       005880
__end_of_ADC_TempConversion                  text32       00565E
__end_of_CDCInitEP                           text106      004E1A
__end_of_CDCTxService                        text69       0027F4
__end_of_CMP1_ISR                            text123      0059D4
__end_of_CMP1_Initialize                     text83       005934
__end_of_DATAEE_ReadByte                     text86       0058D8
__end_of_DATAEE_WriteByte                    text39       0053BC
[...]
		On exit  : 
		Unchanged: 
 Data sizes:     COMRAM   BANK0   BANK1   BANK2   BANK3   BANK4   BANK5   BANK6   BANK7
      Params:         0       0       0       0       0       0       0       0       0
      Locals:         1       0       0       0       0       0       0       0       0
      Temps:          0       0       0       0       0       0       0       0       0
      Totals:         1       0       0       0       0       0       0       0       0
Total ram usage:        1 bytes
 Hardware stack levels used:    1
 This function calls:
		Nothing
 This function is called by:
		_USBCtrlEPAllowDataStage
		_USBCtrlTrfInHandler
 This function uses a non-reentrant model


 *************** function _USART_mySetLineCodingHandler *****************
 Defined at:
		line 256 in file "../Includes/Board/USBapp.c"
 Parameters:    Size  Location     Type
		None
 Auto vars:     Size  Location     Type
  dwBaud          4   13[COMRAM] unsigned long 
 Return value:  Size  Location     Type
		None               void
 Registers used:
		wreg, status,2, status,0, cstack
 Tracked objects:
		On entry : 
		On exit  : 
		Unchanged: 
 Data sizes:     COMRAM   BANK0   BANK1   BANK2   BANK3   BANK4   BANK5   BANK6   BANK7
      Params:         0       0       0       0       0       0       0       0       0
      Locals:         4       0       0       0       0       0       0       0       0
      Temps:          0       0       0       0       0       0       0       0       0
      Totals:         4       0       0       0       0       0       0       0       0
Total ram usage:        4 bytes
 Hardware stack levels used:    1
 Hardware stack levels required when called:    1
 This function calls:
		___lldiv
		i2_EUSART_Initialize
 This function is called by:
		_USBCheckCDCRequest
		_USBCtrlTrfRxService
		_USBCtrlTrfInHandler
 This function uses a non-reentrant model


 *************** function i2_EUSART_Initialize *****************
 Defined at:
		line 77 in file "../Includes/MccGenerated/eusart.c"
 Parameters:    Size  Location     Type
		None
 Auto vars:     Size  Location     Type
		None
 Return value:  Size  Location     Type
		None               void
 Registers used:
		wreg, status,2
 Tracked objects:
		On entry : 
		On exit  : 
		Unchanged: 
 Data sizes:     COMRAM   BANK0   BANK1   BANK2   BANK3   BANK4   BANK5   BANK6   BANK7
      Params:         0       0       0       0       0       0       0       0       0
      Locals:         0       0       0       0       0       0       0       0       0
      Temps:          0       0       0       0       0       0       0       0       0
      Totals:         0       0       0       0       0       0       0       0       0
Total ram usage:        0 bytes
 Hardware stack levels used:    1
 This function calls:
		Nothing
 This function is called by:
		_USBapp_CdcEmulatorInitialize
		_USART_mySetLineCodingHandler
 This function uses a non-reentrant model


 *************** function ___lldiv *****************
 Defined at:
		line 8 in file "C:\Program Files (x86)\Microchip\xc8\v1.35\sources\common\lldiv.c"
 Parameters:    Size  Location     Type
  dividend        4    0[COMRAM] unsigned long 
  divisor         4    4[COMRAM] unsigned long 
 Auto vars:     Size  Location     Type
  quotient        4    8[COMRAM] unsigned long 
  counter         1   12[COMRAM] unsigned char 
 Return value:  Size  Location     Type
                  4    0[COMRAM] unsigned long 
 Registers used:
		wreg, status,2, status,0
 Tracked objects:
		On entry : 
		On exit  : 
		Unchanged: 
 Data sizes:     COMRAM   BANK0   BANK1   BANK2   BANK3   BANK4   BANK5   BANK6   BANK7
      Params:         8       0       0       0       0       0       0       0       0
      Locals:         5       0       0       0       0       0       0       0       0
      Temps:          0       0       0       0       0       0       0       0       0
      Totals:        13       0       0       0       0       0       0       0       0
Total ram usage:       13 bytes
 Hardware stack levels used:    1
 This function calls:
		Nothing
 This function is called by:
		_USART_mySetLineCodingHandler
 This function uses a non-reentrant model


 *************** function _TMRapp_Tick *****************
 Defined at:
		line 45 in file "../Includes/Drivers/TMRapp.c"
 Parameters:    Size  Location     Type
		None
 Auto vars:     Size  Location     Type
		None
 Return value:  Size  Location     Type
		None               void
 Registers used:
		None
 Tracked objects:
		On entry : 
		On exit  : 
		Unchanged: 
 Data sizes:     COMRAM   BANK0   BANK1   BANK2   BANK3   BANK4   BANK5   BANK6   BANK7
      Params:         0       0       0       0       0       0       0       0       0
      Locals:         0       0       0       0       0       0       0       0       0
      Temps:          0       0       0       0       0       0       0       0       0
      Totals:         0       0       0       0       0       0       0       0       0
Total ram usage:        0 bytes
 Hardware stack levels used:    1
 This function calls:
		Nothing
 This function is called by:
		_INTERRUPT_InterruptManager
 This function uses a non-reentrant model


 *************** function _TMR1_ISR *****************
 Defined at:
		line 152 in file "../Includes/MccGenerated/tmr1.c"
 Parameters:    Size  Location     Type
		None
 Auto vars:     Size  Location     Type
		None
 Return value:  Size  Location     Type
		None               void
 Registers used:
		wreg, status,2
 Tracked objects:
		On entry : 
		On exit  : 
		Unchanged: 
 Data sizes:     COMRAM   BANK0   BANK1   BANK2   BANK3   BANK4   BANK5   BANK6   BANK7
      Params:         0       0       0       0       0       0       0       0       0
      Locals:         0       0       0       0       0       0       0       0       0
      Temps:          0       0       0       0       0       0       0       0       0
      Totals:         0       0       0       0       0       0       0       0       0
Total ram usage:        0 bytes
 Hardware stack levels used:    1
 This function calls:
		Nothing
 This function is called by:
		_INTERRUPT_InterruptManager
 This function uses a non-reentrant model


 *************** function _EUSART_Transmit_ISR *****************
 Defined at:
		line 162 in file "../Includes/MccGenerated/eusart.c"
 Parameters:    Size  Location     Type
		None
 Auto vars:     Size  Location     Type
		None
 Return value:  Size  Location     Type
		None               void
 Registers used:
		wreg, fsr2l, fsr2h, status,2, status,0, prodl, prodh
 Tracked objects:
		On entry : 
		On exit  : 
		Unchanged: 
 Data sizes:     COMRAM   BANK0   BANK1   BANK2   BANK3   BANK4   BANK5   BANK6   BANK7
      Params:         0       0       0       0       0       0       0       0       0
      Locals:         0       0       0       0       0       0       0       0       0
      Temps:          0       0       0       0       0       0       0       0       0
      Totals:         0       0       0       0       0       0       0       0       0
Total ram usage:        0 bytes
 Hardware stack levels used:    1
 This function calls:
		Nothing
 This function is called by:
		_INTERRUPT_InterruptManager
 This function uses a non-reentrant model


 *************** function _EUSART_Receive_ISR *****************
 Defined at:
		line 181 in file "../Includes/MccGenerated/eusart.c"
 Parameters:    Size  Location     Type
		None
 Auto vars:     Size  Location     Type
		None
 Return value:  Size  Location     Type
		None               void
 Registers used:
		wreg, fsr2l, fsr2h, status,2, status,0, prodl, prodh
 Tracked objects:
		On entry : 
		On exit  : 
		Unchanged: 
 Data sizes:     COMRAM   BANK0   BANK1   BANK2   BANK3   BANK4   BANK5   BANK6   BANK7
      Params:         0       0       0       0       0       0       0       0       0
      Locals:         0       0       0       0       0       0       0       0       0
      Temps:          0       0       0       0       0       0       0       0       0
      Totals:         0       0       0       0       0       0       0       0       0
Total ram usage:        0 bytes
 Hardware stack levels used:    1
 This function calls:
		Nothing
 This function is called by:
		_INTERRUPT_InterruptManager
 This function uses a non-reentrant model


 *************** function _CMP1_ISR *****************
 Defined at:
		line 95 in file "../Includes/MccGenerated/cmp1.c"
 Parameters:    Size  Location     Type
		None
 Auto vars:     Size  Location     Type
		None
 Return value:  Size  Location     Type
		None               void
 Registers used:
		None
 Tracked objects:
		On entry : 
		On exit  : 
		Unchanged: 
 Data sizes:     COMRAM   BANK0   BANK1   BANK2   BANK3   BANK4   BANK5   BANK6   BANK7
      Params:         0       0       0       0       0       0       0       0       0
      Locals:         0       0       0       0       0       0       0       0       0
      Temps:          0       0       0       0       0       0       0       0       0
      Totals:         0       0       0       0       0       0       0       0       0
Total ram usage:        0 bytes
 Hardware stack levels used:    1
 This function calls:
		Nothing
 This function is called by:
		_INTERRUPT_InterruptManager
 This function uses a non-reentrant model



MODULE INFORMATION

Module		Function		Class		Link	Load	Size
../Includes/MccGenerated/cmp1.c
		_CMP1_ISR      		CODE           	59D0	0000	5
		_CMP1_Initialize		CODE           	5922	0000	19

../Includes/MccGenerated/cmp1.c estimated size: 24

C:\Program Files (x86)\Microchip\xc8\v1.35\sources\common\awdiv.c
		___awdiv       		CODE           	424A	0000	191

C:\Program Files (x86)\Microchip\xc8\v1.35\sources\common\awdiv.c estimated size: 191

../Includes/MccGenerated/pin_manager.c
		_PIN_MANAGER_Initialize		CODE           	51D0	0000	81

../Includes/MccGenerated/pin_manager.c estimated size: 81

../Includes/Usb/Framework/usb_device.c
		_USBCtrlTrfInHandler		CODE           	3912	0000	225
		_USBTransferOnePacket		CODE           	3E3A	0000	217
		_USBDeviceAttach		CODE           	55F8	0000	53
		_USBStdGetDscHandler		CODE           	2F60	0000	289
		_USBCtrlEPAllowDataStage		CODE           	4910	0000	157
		_USBStdFeatureReqHandler		CODE           	20CA	0000	645
		_USBCtrlEPAllowStatusStage		CODE           	40AE	0000	207
		_USBCtrlTrfSetupHandler		CODE           	4ACC	0000	137
		_USBCtrlTrfOutHandler		CODE           	4F4E	0000	97
		_USBCtrlEPServiceComplete		CODE           	319A	0000	257
		_USBSuspend    		CODE           	56EA	0000	43
		_USBStdSetCfgHandler		CODE           	3832	0000	225
		_USBStdGetStatusHandler		CODE           	45CC	0000	173
		_USBWakeFromSuspend		CODE           	568E	0000	49
		_USBCtrlTrfRxService		CODE           	2E30	0000	305
		_USBCtrlTrfTxService		CODE           	417C	0000	207
		_USBEnableEndpoint		CODE           	5434	0000	61
		_USBConfigureEndpoint		CODE           	49AC	0000	149
		_USBDeviceInit 		CODE           	27F4	0000	343
		_USBCtrlEPService		CODE           	3FE0	0000	207
		_USBStallHandler		CODE           	533E	0000	67
		_USBDeviceTasks		CODE           	2CFC	0000	309
		_USBCheckStdRequest		CODE           	3BAC	0000	221

../Includes/Usb/Framework/usb_device.c estimated size: 4643

C:\Program Files (x86)\Microchip\xc8\v1.35\sources\common\lbdiv.c
		___lbdiv       		CODE           	500C	0000	93

C:\Program Files (x86)\Microchip\xc8\v1.35\sources\common\lbdiv.c estimated size: 93

../Includes/Drivers/buttons.c
		_service_pushbutton		CODE           	4BD6	0000	125

../Includes/Drivers/buttons.c estimated size: 125

../Includes/MccGenerated/interrupt_manager.c
		_INTERRUPT_InterruptManager		CODE           	0008	0000	179

../Includes/MccGenerated/interrupt_manager.c estimated size: 179

C:\Program Files (x86)\Microchip\xc8\v1.35\sources\common\strcmp.c
		_strcmp        		CODE           	5178	0000	89

C:\Program Files (x86)\Microchip\xc8\v1.35\sources\common\strcmp.c estimated size: 89

../Includes/Board/USBapp.c
		_USBapp_exitCDCState		CODE           	5984	0000	11
		_USBapp_DeviceCdcEmulatorHandler		CODE           	3752	0000	225
		_USBapp_handlerState		CODE           	598E	0000	11
		_USART_mySetLineCodingHandler		CODE           	511E	0000	91
		_USBapp_exitCDC		CODE           	59B2	0000	7
		_USER_USB_CALLBACK_EVENT_HANDLER		CODE           	5068	0000	93
		_USBapp_getrxByteFlag		CODE           	59C4	0000	5
		_USBapp_setrxByteFlag		CODE           	59B8	0000	7
		_USBapp_Handler		CODE           	3F12	0000	207
		_USBapp_CdcEmulatorInitialize		CODE           	50C4	0000	91

../Includes/Board/USBapp.c estimated size: 748

C:\Program Files (x86)\Microchip\xc8\v1.35\sources\common\memset.c
		_memset        		CODE           	55C4	0000	53

C:\Program Files (x86)\Microchip\xc8\v1.35\sources\common\memset.c estimated size: 53

../Includes/MccGenerated/memory.c
		_DATAEE_WriteByte		CODE           	5380	0000	61
		_DATAEE_ReadByte		CODE           	58C2	0000	23

../Includes/MccGenerated/memory.c estimated size: 84

../Includes/Drivers/SSD1306oLED.c
		_oled_displayOff		CODE           	5896	0000	23
		_oled_putUint16		CODE           	2A8C	0000	313
		_Set_Column_Address		CODE           	57F4	0000	33
		_oled_putString		CODE           	4E1A	0000	109
		_oled_clear    		CODE           	584C	0000	27
		_oled_clearRow 		CODE           	573C	0000	41
		_oled_writeCommand		CODE           	5944	0000	17
		_Set_Page_Address		CODE           	5830	0000	29
		_oled_writeData		CODE           	5934	0000	17
		_oled_setDisplay		CODE           	5814	0000	29
		_oled_init     		CODE           	5764	0000	39
		_oled_devInit  		CODE           	3D62	0000	217
		_oled_putChar  		CODE           	4520	0000	173
		_oled_setFont  		CODE           	5880	0000	23
		_oled_putUint8 		CODE           	4724	0000	169

../Includes/Drivers/SSD1306oLED.c estimated size: 1259

C:\Program Files (x86)\Microchip\xc8\v1.35\sources\common\lwmod.c
		___lwmod       		CODE           	4EEC	0000	99

C:\Program Files (x86)\Microchip\xc8\v1.35\sources\common\lwmod.c estimated size: 99

../Includes/Board/MOTEapp.c
		_moteApp_add16bToDataBuffer		CODE           	234E	0000	435
		_moteRunningProcess		CODE           	00BE	0000	5833
		_MOTEapp_setResponseReady		CODE           	59AA	0000	9
		_hexToStr      		CODE           	54AC	0000	59
		_moteApp_clearBuffers		CODE           	43C2	0000	177
		_sendDataCommand		CODE           	3C88	0000	219
		_moteJoiningProcess		CODE           	1786	0000	1657
		_MOTEapp_TimerBasedTask		CODE           	578A	0000	39
		_moteApp_GoToSleep		CODE           	3AD0	0000	221
		_EndLine       		CODE           	5954	0000	15
		_MOTEapp_handlerState		CODE           	5998	0000	11
		_moduleSleep   		CODE           	5714	0000	41
		_MOTEapp_SetDataRateSetting		CODE           	2500	0000	379
		_sendCommand   		CODE           	565E	0000	49
		_moteApp_toggleLeds		CODE           	3392	0000	245
		_moteApp_delayms		CODE           	54E6	0000	59
		_moteApp_add8bToDataBuffer		CODE           	39F2	0000	223
		_moteHandler   		CODE           	1DFE	0000	717
		_moteApp_clearCommand		CODE           	58EC	0000	19
		_MOTEapp_getModuleResponse		CODE           	4CCA	0000	117
		_moduleResync  		CODE           	4A40	0000	141

../Includes/Board/MOTEapp.c estimated size: 10665

../Includes/MccGenerated/tmr1.c
		_TMR1_Initialize		CODE           	5520	0000	57
		_TMR1_StartTimer		CODE           	59CC	0000	5
		_TMR1_ISR      		CODE           	5962	0000	13

../Includes/MccGenerated/tmr1.c estimated size: 75

../Includes/MccGenerated/adc.c
		_ADC_TempConversion		CODE           	562C	0000	51
		_ADC_Initialize		CODE           	5866	0000	27
		_ADC_GetConversion		CODE           	526E	0000	71

../Includes/MccGenerated/adc.c estimated size: 149

shared
		_configDescriptor1		MEDIUMCONST    	788B	0000	68
		_USB_CD_Ptr    		MEDIUMCONST    	7589	0000	3
		_sd001         		MEDIUMCONST    	78CE	0000	53
		_OledFont0     		MEDIUMCONST    	758B	0000	769
		_sd002         		MEDIUMCONST    	7902	0000	53
		i2_EUSART_Initialize		CODE           	5470	0000	61
		i2_USBDeviceInit		CODE           	2BC4	0000	313
		__initialization		CODE           	4FAE	0000	81
		_device_dsc    		MEDIUMCONST    	7936	0000	19
		_USB_SD_Ptr    		MEDIUMCONST    	7583	0000	7
		i2_memset      		CODE           	56BE	0000	45
		_sd000         		MEDIUMCONST    	7948	0000	5
		i2_USBTransferOnePacket		CODE           	4308	0000	187

shared estimated size: 1664

../Includes/MccGenerated/eusart.c
		_EUSART_Read   		CODE           	52B4	0000	71
		_EUSART_Write  		CODE           	53BC	0000	61
		_EUSART_Transmit_ISR		CODE           	5558	0000	55
		_EUSART_Initialize		CODE           	53F8	0000	61
		_EUSART_Receive_ISR		CODE           	558E	0000	55
		_EUSART_FlushBuffer		CODE           	5220	0000	79

../Includes/MccGenerated/eusart.c estimated size: 382

C:\Program Files (x86)\Microchip\xc8\v1.35\sources\common\awmod.c
		___awmod       		CODE           	47CC	0000	163

C:\Program Files (x86)\Microchip\xc8\v1.35\sources\common\awmod.c estimated size: 163

../Includes/MccGenerated/spi.c
		_SPI_Exchange8bit		CODE           	58FE	0000	19
		_SPI_Initialize		CODE           	5910	0000	19

../Includes/MccGenerated/spi.c estimated size: 38

C:\Program Files (x86)\Microchip\xc8\v1.35\sources\common\strncmp.c
		_strncmp       		CODE           	486E	0000	163

C:\Program Files (x86)\Microchip\xc8\v1.35\sources\common\strncmp.c estimated size: 163

../Includes/Drivers/TMRapp.c
		_TMRapp_ClearBitFlags		CODE           	59A2	0000	9
		_TMRapp_Tick   		CODE           	59BE	0000	7
		_TMRapp_Handler		CODE           	294A	0000	323

../Includes/Drivers/TMRapp.c estimated size: 339

C:\Program Files (x86)\Microchip\xc8\v1.35\sources\common\almod.c
		___almod       		CODE           	3486	0000	243

C:\Program Files (x86)\Microchip\xc8\v1.35\sources\common\almod.c estimated size: 243

C:\Program Files (x86)\Microchip\xc8\v1.35\sources\common\lwdiv.c
		___lwdiv       		CODE           	4C52	0000	121

C:\Program Files (x86)\Microchip\xc8\v1.35\sources\common\lwdiv.c estimated size: 121

../Includes/MccGenerated/mcc.c
		_OSCILLATOR_Initialize		CODE           	58AC	0000	23
		_SYSTEM_Initialize		CODE           	57D2	0000	35

../Includes/MccGenerated/mcc.c estimated size: 58

C:\Program Files (x86)\Microchip\xc8\v1.35\sources\common\lldiv.c
		___lldiv       		CODE           	4B54	0000	131

C:\Program Files (x86)\Microchip\xc8\v1.35\sources\common\lldiv.c estimated size: 131

main.c
		_main          		CODE           	3080	0000	283

main.c estimated size: 283

../Includes/Usb/Framework/usb_device_cdc.c
		_CDCTxService  		CODE           	267A	0000	379
		_CDCInitEP     		CODE           	4DAC	0000	111
		_putUSBUSART   		CODE           	57B0	0000	35
		_getsUSBUSART  		CODE           	3668	0000	235
		_USBCheckCDCRequest		CODE           	4678	0000	173

../Includes/Usb/Framework/usb_device_cdc.c estimated size: 933

../Includes/Board/poweruptest.c
		_test_comms    		CODE           	4D3E	0000	111
		_test_switch   		CODE           	329A	0000	249
		_test_oled     		CODE           	4472	0000	175
		_test_leds     		CODE           	4E86	0000	103
		_test_powerup  		CODE           	52FA	0000	69
		_test_adc      		CODE           	3578	0000	241

../Includes/Board/poweruptest.c estimated size: 948

../Includes/MccGenerated/tmr2.c
		_TMR2_Initialize		CODE           	58D8	0000	21
		_TMR2_StartTimer		CODE           	59C8	0000	5
		_TMR2_ReadTimer		CODE           	597A	0000	11

../Includes/MccGenerated/tmr2.c estimated size: 37

